{
  "summary": {
    "n_trees": 40,
    "n_trees_with_children": 37,
    "mean_children_per_tree": 4.324324324324325,
    "Q1_frac_trees_no_decoded_cites": 0.15,
    "Q1_frac_trees_all_children_zero_credit": 0.1891891891891892,
    "Q2_n_trees_with_>=2_contributing_children": 25,
    "Q2_mean_sibling_share_std": 0.17942526860197267,
    "Q2_mean_sibling_share_spread": 0.45569645330514896,
    "Q3_mean_orphan_child_fraction": 0.4423423423423423,
    "Q4_share_sum_over_contributors_min": 0.9999999999999999,
    "Q4_share_sum_over_contributors_max": 1.0000000000000002,
    "mean_root_self_share": 0.15583333333333332
  },
  "by_arm": {
    "/gpfs/home5/lgehringer/Dr-RLM/dr-rlm/runs/provenance_poc": {
      "n_trees": 40,
      "frac_no_decoded_cites": 0.15,
      "frac_all_children_zero": 0.1891891891891892,
      "mean_orphan_child_fraction": 0.4423423423423423,
      "mean_root_self_share": 0.15583333333333332,
      "mean_contributing_children": 2.4324324324324325
    }
  }
}
[saved] results/provenance_credit_stage0.json
