[stage1] loaded 40 trees
[tree 0 id=1] children=3 loco=2 R_all=0.5 ρ_cit=-0.9999999999999998 ρ_sup=-0.9999999999999998 ρ_led=0.9999999999999998
[tree 1 id=1371] children=5 loco=5 R_all=0.1 ρ_cit=-0.22941573387056174 ρ_sup=0.4714045207910316 ρ_led=0.6454972243679028
[tree 2 id=1403] children=4 loco=4 R_all=0.0 ρ_cit=None ρ_sup=None ρ_led=None
[tree 3 id=1513] children=4 loco=4 R_all=0.8333333333333334 ρ_cit=0.31622776601683794 ρ_sup=0.0 ρ_led=0.31622776601683794
[tree 4 id=152] children=3 loco=3 R_all=1.0 ρ_cit=None ρ_sup=None ρ_led=None
[tree 5 id=153] children=5 loco=4 R_all=0.5 ρ_cit=0.3999999999999999 ρ_sup=-0.31622776601683794 ρ_led=0.31622776601683794
[tree 6 id=1660] children=2 loco=2 R_all=0.875 ρ_cit=None ρ_sup=None ρ_led=0.9999999999999998
[tree 7 id=19] children=2 loco=2 R_all=0.25 ρ_cit=0.9999999999999998 ρ_sup=0.9999999999999998 ρ_led=0.9999999999999998
[tree 8 id=2006] children=4 loco=4 R_all=0.375 ρ_cit=0.8333333333333335 ρ_sup=0.5000000000000001 ρ_led=-0.6324555320336759
[tree 9 id=21] children=6 loco=6 R_all=0.0 ρ_cit=None ρ_sup=None ρ_led=None
[tree 10 id=2265] <2 children — skip (no within-tree counterfactual)
[tree 11 id=2468] children=4 loco=4 R_all=0.75 ρ_cit=-0.4472135954999579 ρ_sup=0.0 ρ_led=0.0
[tree 12 id=2709] children=3 loco=2 R_all=0.8333333333333334 ρ_cit=0.9999999999999998 ρ_sup=0.9999999999999998 ρ_led=0.9999999999999998
[tree 13 id=2744] children=4 loco=4 R_all=0.875 ρ_cit=0.8164965809277261 ρ_sup=0.2581988897471611 ρ_led=0.7745966692414834
[tree 14 id=2874] children=6 loco=6 R_all=0.625 ρ_cit=-0.41935483870967744 ρ_sup=0.8798826901281198 ρ_led=0.8980265101338745
[tree 15 id=2877] children=4 loco=4 R_all=0.8333333333333334 ρ_cit=-0.9999999999999998 ρ_sup=-0.3999999999999999 ρ_led=-0.9999999999999998
[tree 16 id=289] children=4 loco=4 R_all=0.9 ρ_cit=0.7999999999999998 ρ_sup=0.0 ρ_led=0.10540925533894598
[tree 17 id=2987] <2 children — skip (no within-tree counterfactual)
[tree 18 id=300] children=4 loco=2 R_all=0.3333333333333333 ρ_cit=None ρ_sup=None ρ_led=None
[tree 19 id=3023] <2 children — skip (no within-tree counterfactual)
[tree 20 id=3034] children=5 loco=5 R_all=0.16666666666666666 ρ_cit=None ρ_sup=None ρ_led=None
[tree 21 id=3060] children=6 loco=4 R_all=0.3333333333333333 ρ_cit=0.8333333333333335 ρ_sup=0.8164965809277261 ρ_led=0.8164965809277261
[tree 22 id=3181] children=3 loco=2 R_all=1.0 ρ_cit=None ρ_sup=None ρ_led=None
[tree 23 id=3185] children=2 loco=2 R_all=0.6 ρ_cit=0.9999999999999998 ρ_sup=0.9999999999999998 ρ_led=0.9999999999999998
[tree 24 id=340] children=4 loco=3 R_all=0.875 ρ_cit=None ρ_sup=None ρ_led=0.0
[tree 25 id=3463] children=3 loco=2 R_all=0.75 ρ_cit=0.9999999999999998 ρ_sup=0.9999999999999998 ρ_led=0.9999999999999998
[tree 26 id=3480] children=6 loco=5 R_all=0.0 ρ_cit=0.35909242322980395 ρ_sup=0.7894736842105264 ρ_led=0.15789473684210528
[tree 27 id=3537] children=6 loco=3 R_all=0.625 ρ_cit=None ρ_sup=None ρ_led=None
[tree 28 id=4479] children=5 loco=4 R_all=0.5 ρ_cit=None ρ_sup=None ρ_led=0.5443310539518174
[tree 29 id=4553] children=5 loco=4 R_all=0.16666666666666666 ρ_cit=None ρ_sup=None ρ_led=None
[tree 30 id=4640] children=6 loco=3 R_all=0.25 ρ_cit=-0.9999999999999998 ρ_sup=-0.9999999999999998 ρ_led=-0.4999999999999999
[tree 31 id=4749] children=5 loco=4 R_all=0.125 ρ_cit=-0.2581988897471611 ρ_sup=0.5443310539518174 ρ_led=0.33333333333333337
[tree 32 id=62] children=6 loco=5 R_all=0.5 ρ_cit=None ρ_sup=None ρ_led=None
[tree 33 id=642] children=5 loco=2 R_all=0.1 ρ_cit=None ρ_sup=None ρ_led=0.9999999999999998
[tree 34 id=692] children=6 loco=6 R_all=1.0 ρ_cit=0.37317589626658254 ρ_sup=-0.058848988633649964 ρ_led=-0.24242424242424238
[tree 35 id=701] children=5 loco=4 R_all=0.2 ρ_cit=0.5443310539518174 ρ_sup=-0.10540925533894598 ρ_led=-0.9486832980505138
[tree 36 id=742] children=3 loco=3 R_all=0.6666666666666666 ρ_cit=-0.4999999999999999 ρ_sup=-0.4999999999999999 ρ_led=0.4999999999999999
[tree 37 id=78] children=3 loco=2 R_all=0.5 ρ_cit=0.9999999999999998 ρ_sup=0.9999999999999998 ρ_led=0.9999999999999998
[tree 38 id=959] children=6 loco=4 R_all=0.3333333333333333 ρ_cit=0.8164965809277261 ρ_sup=0.8164965809277261 ρ_led=0.9486832980505138
[tree 39 id=988] children=3 loco=3 R_all=0.375 ρ_cit=-0.8660254037844387 ρ_sup=None ρ_led=0.8660254037844387

==== ALIGNMENT (r_a vs LOCO ΔR_a) ====
{
  "citation_count": {
    "n": 132,
    "pooled_spearman": 0.06144874934125313,
    "pooled_pearson": 0.06349628912743703,
    "mean_within_tree_spearman": 0.22384493776564016,
    "n_trees_with_spearman": 24,
    "mean_deltaR_credited": 0.12435064935064935,
    "mean_deltaR_orphan": 0.07257575757575757,
    "n_credited": 77,
    "n_orphan": 55
  },
  "support": {
    "n": 132,
    "pooled_spearman": 0.12971186296417495,
    "pooled_pearson": 0.1598267814607512,
    "mean_within_tree_spearman": 0.2911216517693337,
    "n_trees_with_spearman": 23,
    "mean_deltaR_credited": 0.1264705882352941,
    "mean_deltaR_orphan": 0.07760416666666667,
    "n_credited": 68,
    "n_orphan": 64
  },
  "ledger_support": {
    "n": 132,
    "pooled_spearman": 0.21031191229417562,
    "pooled_pearson": 0.24361013346644106,
    "mean_within_tree_spearman": 0.4249709473391923,
    "n_trees_with_spearman": 28,
    "mean_deltaR_credited": 0.12333333333333334,
    "mean_deltaR_orphan": 0.07115384615384615,
    "n_credited": 80,
    "n_orphan": 52
  }
}
==== ADVANTAGE VARIANCE ====
{
  "mean_within_tree_var_L3_credit": 0.018259651936275923,
  "mean_within_tree_var_L1_broadcast": 0.0,
  "note": "L1 broadcasts identical R to all children => 0 within-tree spread (no differentiation); L3 spread>0 means credit differentiates siblings."
}
==== VERDICT ====
{
  "decision": "WEAK",
  "best_mode": "ledger_support",
  "best_pooled_spearman": 0.21031191229417562,
  "by_mode": {
    "citation_count": {
      "pooled_spearman": 0.06144874934125313,
      "credited_minus_orphan_deltaR": 0.05177489177489178,
      "passes": false
    },
    "support": {
      "pooled_spearman": 0.12971186296417495,
      "credited_minus_orphan_deltaR": 0.048866421568627444,
      "passes": false
    },
    "ledger_support": {
      "pooled_spearman": 0.21031191229417562,
      "credited_minus_orphan_deltaR": 0.052179487179487186,
      "passes": false
    }
  },
  "thresholds": {
    "go_rho": 0.4,
    "weak_rho": 0.2
  }
}
[saved] results/provenance_credit_stage1.json
